EN regs NULL G:/ec/p2/enunciado/Regs.vhd sub00/vhpl03 1456302983
EN microsuma NULL G:/ec/p2/enunciado/MicroSuma.vhd sub00/vhpl02 1456302985
AR alusuma simple G:/ec/p2/enunciado/ALUSuma.vhd sub00/vhpl01 1456302982
AR regs practica G:/ec/p2/enunciado/Regs.vhd sub00/vhpl04 1456302984
EN alusuma NULL G:/ec/p2/enunciado/ALUSuma.vhd sub00/vhpl00 1456302981
AR microsuma practica G:/ec/p2/enunciado/MicroSuma.vhd sub00/vhpl05 1456302986
